bndasdbas
dasdasd
dasdada